
1) for create pods and run application deployment and service

 kubectl apply -f app-configmap.yaml -f backendsecret.yaml -f chatappbackend.yaml -f backend-service.yaml


2) for show pods and its state

-kubectl get pods
NAME                    READY   STATUS    RESTARTS   AGE
app1-6b664dc6cb-t8blw   1/1     Running   0          29m
app1-6b664dc6cb-wp6ff   1/1     Running   0          29m
db-5696c95474-bbf8t     1/1     Running   0          29m

3)for show services which are running

C:\Users\HP>kubectl get svc
NAME             TYPE           CLUSTER-IP      EXTERNAL-IP                                                               PORT(S)          AGE
backendapp       LoadBalancer   172.20.178.68   afe2185a89741430ca0013ffa3d2f6ed-1773183574.us-east-2.elb.amazonaws.com   8000:31517/TCP   38m
backendservice   ClusterIP      172.20.93.253   <none>                                                                    8000/TCP         38s
db-service       ClusterIP      172.20.233.1    <none>                                                                    3306/TCP         40m
kubernetes       ClusterIP      172.20.0.1      <none>                                                                    443/TCP          80m

4)show defout configration
                                            
C:\Users\HP>cat default.conf
server{
       listen 80;
       server_name _ ;
       location /{
               proxy_pass "http//backendservice:8000";
       }
}


5)create confimap
C:\Users\HP>kubectl create configmap nginx-cfg  --from-file=default.conf
configmap/nginx-cfg created

6)describe pods

C:\Users\HP>kubectl describe pod nginx-79df77c795-7kzn8
Name:         nginx-79df77c795-7kzn8
Namespace:    default
Priority:     0
Node:         ip-10-0-1-253.us-east-2.compute.internal/10.0.1.253
Start Time:   Tue, 15 Mar 2022 01:13:45 +0530
Labels:       app=nginx
              pod-template-hash=79df77c795
Annotations:  kubernetes.io/psp: eks.privileged
Status:       Running
IP:           10.0.1.242
IPs:
  IP:           10.0.1.242
Controlled By:  ReplicaSet/nginx-79df77c795
Containers:
  nginx:
    Container ID:   docker://48ba5616eb77ea6b28c23e015c9553855cc04f7ad52214ca16992f5c18f4e0cd
    Image:          nginx:alpine
    Image ID:       docker-pullable://nginx@sha256:da9c94bec1da829ebd52431a84502ec471c8e548ffb2cedbf36260fd9bd1d4d3
    Port:           80/TCP
    Host Port:      0/TCP
    State:          Running
      Started:      Tue, 15 Mar 2022 01:17:58 +0530
    Ready:          True
    Restart Count:  0
    Environment:    <none>
    Mounts:
      /etc/nginx/conf.d/default.conf from nginx-cfg (rw,path="default.conf")
      /var/run/secrets/kubernetes.io/serviceaccount from kube-api-access-wbg5s (ro)
Conditions:
  Type              Status
  Initialized       True
  Ready             True
  ContainersReady   True
  PodScheduled      True
Volumes:
  nginx-cfg:
    Type:      ConfigMap (a volume populated by a ConfigMap)
    Name:      nginx-cfg
    Optional:  false
  kube-api-access-wbg5s:
    Type:                    Projected (a volume that contains injected data from multiple sources)
    TokenExpirationSeconds:  3607
    ConfigMapName:           kube-root-ca.crt
    ConfigMapOptional:       <nil>
    DownwardAPI:             true
QoS Class:                   BestEffort
Node-Selectors:              <none>
Tolerations:                 node.kubernetes.io/not-ready:NoExecute op=Exists for 300s
                             node.kubernetes.io/unreachable:NoExecute op=Exists for 300s
Events:
  Type     Reason       Age                    From               Message
  ----     ------       ----                   ----               -------
  Normal   Scheduled    4m19s                  default-scheduler  Successfully assigned default/nginx-79df77c795-7kzn8 to ip-10-0-1-253.us-east-2.compute.internal
  Warning  FailedMount  2m16s                  kubelet            Unable to attach or mount volumes: unmounted volumes=[nginx-cfg], unattached volumes=[nginx-cfg kube-api-access-wbg5s]: timed out waiting for the condition
  Warning  FailedMount  2m11s (x9 over 4m19s)  kubelet            MountVolume.SetUp failed for volume "nginx-cfg" : configmap "nginx-cfg" not found
  Normal   Pulling      8s                     kubelet            Pulling image "nginx:alpine"
  Normal   Pulled       6s                     kubelet            Successfully pulled image "nginx:alpine" in 1.651980383s
  Normal   Created      6s                     kubelet            Created container nginx
  Normal   Started      6s                     kubelet            Started container nginx



7)edit configmap
C:\Users\HP>kubectl edit configmap nginx-cfg

8) find out deployment

C:\Users\HP>kubectl get deployment
NAME    READY   UP-TO-DATE   AVAILABLE   AGE
app1    2/2     2            2           54m
db      1/1     1            1           57m
nginx   1/1     1            1           8m5s






















